<h1 id="dmesg">dmesg</h1>
<p>显示Linux系统启动信息</p>
<h2 id="补充说明">补充说明</h2>
<p><strong>dmesg命令</strong> 被用于检查和控制内核的环形缓冲区。kernel会将开机信息存储在ring buffer中。您若是开机时来不及查看信息，可利用dmesg来查看。开机信息保存在<code>/var/log/dmesg</code>文件里。</p>
<h3 id="语法">语法</h3>
<pre class="language-"><code class="language-shell">dmesg<span class="token punctuation">(</span>选项<span class="token punctuation">)</span></code></pre>
<h3 id="选项">选项</h3>
<pre class="language-"><code class="language-shell">-c：显示信息后，清除ring buffer中的内容；
-s<span class="token operator">&lt;</span>缓冲区大小<span class="token operator">></span>：预设置为8196，刚好等于ring buffer的大小；
-n：设置记录信息的层级。</code></pre>
<h3 id="实例">实例</h3>
<pre class="language-"><code class="language-shell"><span class="token punctuation">[</span>root@localhost ~<span class="token punctuation">]</span><span class="token comment"># dmesg | head</span>
Linux version <span class="token number">2.6</span>.18-348.6.1.el5 <span class="token punctuation">(</span>mockbuild@builder17.centos.org<span class="token punctuation">)</span> <span class="token punctuation">(</span>gcc version <span class="token number">4.1</span>.2 <span class="token number">20080704</span> <span class="token punctuation">(</span>Red Hat <span class="token number">4.1</span>.2-54<span class="token punctuation">))</span> <span class="token comment">#1 SMP Tue May 21 15:34:22 EDT 2013</span>
BIOS-provided physical RAM map:
 BIOS-e820: 0000000000010000 - 000000000009f400 <span class="token punctuation">(</span>usable<span class="token punctuation">)</span>
 BIOS-e820: 000000000009f400 - 00000000000a0000 <span class="token punctuation">(</span>reserved<span class="token punctuation">)</span>
 BIOS-e820: 00000000000f0000 - 0000000000100000 <span class="token punctuation">(</span>reserved<span class="token punctuation">)</span>
 BIOS-e820: 0000000000100000 - 000000007f590000 <span class="token punctuation">(</span>usable<span class="token punctuation">)</span>
 BIOS-e820: 000000007f590000 - 000000007f5e3000 <span class="token punctuation">(</span>ACPI NVS<span class="token punctuation">)</span>
 BIOS-e820: 000000007f5e3000 - 000000007f5f0000 <span class="token punctuation">(</span>ACPI data<span class="token punctuation">)</span>
 BIOS-e820: 000000007f5f0000 - 000000007f600000 <span class="token punctuation">(</span>reserved<span class="token punctuation">)</span>
 BIOS-e820: 00000000e0000000 - 00000000e8000000 <span class="token punctuation">(</span>reserved<span class="token punctuation">)</span></code></pre>
<p>查看硬盘基础信息</p>
<pre class="language-"><code class="language-shell"><span class="token function">dmesg</span> <span class="token operator">|</span> <span class="token function">grep</span> sda

<span class="token punctuation">[</span>    <span class="token number">2.442555</span><span class="token punctuation">]</span> sd <span class="token number">0</span>:0:0:0: <span class="token punctuation">[</span>sda<span class="token punctuation">]</span> <span class="token number">488281250</span> <span class="token number">512</span>-byte logical blocks: <span class="token punctuation">(</span><span class="token number">250</span> GB/232 GiB<span class="token punctuation">)</span>
<span class="token punctuation">[</span>    <span class="token number">2.442590</span><span class="token punctuation">]</span> sd <span class="token number">0</span>:0:0:0: <span class="token punctuation">[</span>sda<span class="token punctuation">]</span> Write Protect is off
<span class="token punctuation">[</span>    <span class="token number">2.442592</span><span class="token punctuation">]</span> sd <span class="token number">0</span>:0:0:0: <span class="token punctuation">[</span>sda<span class="token punctuation">]</span> Mode Sense: 00 3a 00 00
<span class="token punctuation">[</span>    <span class="token number">2.442607</span><span class="token punctuation">]</span> sd <span class="token number">0</span>:0:0:0: <span class="token punctuation">[</span>sda<span class="token punctuation">]</span> Write cache: enabled, <span class="token builtin class-name">read</span> cache: enabled, doesn't support DPO or FUA
<span class="token punctuation">[</span>    <span class="token number">2.447533</span><span class="token punctuation">]</span>  sda: sda1
<span class="token punctuation">[</span>    <span class="token number">2.448503</span><span class="token punctuation">]</span> sd <span class="token number">0</span>:0:0:0: <span class="token punctuation">[</span>sda<span class="token punctuation">]</span> Attached SCSI disk</code></pre>
<!-- Linux命令行搜索引擎：https://jaywcjlove.github.io/linux-command/ -->
